// Jest Snapshot v1, https://goo.gl/fbAQLP

exports[`Index page should match the snapshot 1`] = `
<main
  className="text-black dark:text-white"
>
  <div
    className="mb-3"
  >
    <h1
      className="text-3xl font-bold"
    >
      Â¡Hola!
    </h1>
    <p
      className="text-gray-500 dark:text-lime-400 text-sm font-bold uppercase"
    >
      Comencemos a cultivar
    </p>
  </div>
  <div
    className="m-2"
  >
    <p>
      <a
        href="/setup/paso-1"
        onClick={[Function]}
        onMouseEnter={[Function]}
      >
        Setup
      </a>
    </p>
    <p>
      <a
        href="/comenzar"
        onClick={[Function]}
        onMouseEnter={[Function]}
      >
        Comenzar
      </a>
    </p>
    <p>
      <a
        href="/preferencias"
        onClick={[Function]}
        onMouseEnter={[Function]}
      >
        Preferencias
      </a>
    </p>
    <p>
      <a
        href="/scan"
        onClick={[Function]}
        onMouseEnter={[Function]}
      >
        Scannear QR
      </a>
    </p>
    <p>
      <a
        href="/info"
        onClick={[Function]}
        onMouseEnter={[Function]}
      >
        Ir a Info
      </a>
    </p>
    <p>
      <a
        href="/acerca"
        onClick={[Function]}
        onMouseEnter={[Function]}
      >
        Ir a Acerca
      </a>
    </p>
  </div>
</main>
`;
